[www.google.com/intl/en_gh/drive/index.html]
[backblue.gif]
[fade.gif]
[index.html]
[ssl.gstatic.com/images/branding/product/2x/hh_drive_96dp.png]
[www.google.com/images/branding/googlelogo/2x/googlelogo_color_120x44dp.png]
[ssl.gstatic.com/images/branding/product/2x/hh_drive_36dp.png]
[ssl.gstatic.com/images/branding/product/2x/hh_drive_24dp.png]
[www.google.com/insights/consumersurveys/gk/static/hats-integration-release.js]
[www.google-analytics.com/analytics.js]
[www.google.com/drive/static/js/detect.minf3b6.js]
[www.google.com/drive/static/js/analytics.min86c9.js]
[www.gstatic.com/external_hosted/hammerjs/v2_0_2/hammer.min.js]
[www.google.com/intl/en_gh/drive/download/index.html]
[www.google.com/intl/en_gh/drive/features/index.html]
[www.google.com/drive/static/js/index.mind314.js]
[www.google.com/intl/en_gh/drive/index.html]
[www.google.com/drive/static/css/index.mina81d.css]
[www.google.com/intl/en_gh/drive/download/index.html]
[www.google.com/intl/en_gh/drive/features/index.html]
